 
****************************************
Report : port
Design : UART
Version: K-2015.06
Date   : Sat Aug 13 16:29:19 2022
****************************************



Attributes:
    d - dont_touch_network

                       Pin      Wire     Max     Max     Connection
Port           Dir     Load     Load     Trans   Cap     Class      Attrs
--------------------------------------------------------------------------------
Prescale[0]    in      0.0000   0.0000    1.50    0.18   --         
Prescale[1]    in      0.0000   0.0000    1.50    0.18   --         
Prescale[2]    in      0.0000   0.0000    1.50    0.18   --         
Prescale[3]    in      0.0000   0.0000    1.50    0.18   --         
Prescale[4]    in      0.0000   0.0000    1.50    0.18   --         
RST            in      0.0000   0.0000   --      --      --         d
RX_CLK         in      0.0000   0.0000   --      --      --         d
RX_IN_S        in      0.0000   0.0000    1.50    0.18   --         
TX_CLK         in      0.0000   0.0000   --      --      --         d
TX_IN_P[0]     in      0.0000   0.0000    1.50    0.18   --         
TX_IN_P[1]     in      0.0000   0.0000    1.50    0.18   --         
TX_IN_P[2]     in      0.0000   0.0000    1.50    0.18   --         
TX_IN_P[3]     in      0.0000   0.0000    1.50    0.18   --         
TX_IN_P[4]     in      0.0000   0.0000    1.50    0.18   --         
TX_IN_P[5]     in      0.0000   0.0000    1.50    0.18   --         
TX_IN_P[6]     in      0.0000   0.0000    1.50    0.18   --         
TX_IN_P[7]     in      0.0000   0.0000    1.50    0.18   --         
TX_IN_V        in      0.0000   0.0000    1.50    0.18   --         
parity_enable  in      0.0000   0.0000    1.50    0.18   --         
parity_type    in      0.0000   0.0000    1.50    0.18   --         
RX_OUT_P[0]    out    50.0000   0.0000   --      --      --         
RX_OUT_P[1]    out    50.0000   0.0000   --      --      --         
RX_OUT_P[2]    out    50.0000   0.0000   --      --      --         
RX_OUT_P[3]    out    50.0000   0.0000   --      --      --         
RX_OUT_P[4]    out    50.0000   0.0000   --      --      --         
RX_OUT_P[5]    out    50.0000   0.0000   --      --      --         
RX_OUT_P[6]    out    50.0000   0.0000   --      --      --         
RX_OUT_P[7]    out    50.0000   0.0000   --      --      --         
RX_OUT_V       out    50.0000   0.0000   --      --      --         
TX_OUT_S       out    50.0000   0.0000   --      --      --         
TX_OUT_V       out    50.0000   0.0000   --      --      --         

1
